------------ Options -------------
anormly_ratio: 4.0
batch_size: 256
c_list: [3, 5, 7]
config: config/MSL.conf
d_model: 256
data_path: dataset/MSL
dataset: MSL
dr: 0.3
e_layers: 2
f_tr: 0.5
gpu: 0
input_c: 55
lr: 0.001
mode: tes
model_save_path: cpt
num_epochs: 8
output_c: 55
revin: 0
seed: 1
win_size: 100
-------------- End ----------------
test: (73729, 55)
train: (58317, 55)
test: (73729, 55)
train: (58317, 55)
test: (73729, 55)
train: (58317, 55)
test: (73729, 55)
train: (58317, 55)
======================TRAIN MODE======================
Epoch: 1, Steps: 228 | Train Loss: 0.2067879 Vali Loss1: 2.4831719
Warm-up epoch, skipping early stopping check.
Validation loss:2.483172.  Saving model ...
Updating learning rate to 0.001
Epoch: 2, Steps: 228 | Train Loss: 0.0729980 Vali Loss1: 1.7209992
Validation loss:1.720999.  Saving model ...
Updating learning rate to 0.0005
Epoch: 3, Steps: 228 | Train Loss: 0.0583275 Vali Loss1: 1.6232843
Validation loss:1.623284.  Saving model ...
Updating learning rate to 0.00025
Epoch: 4, Steps: 228 | Train Loss: 0.0436470 Vali Loss1: 1.6296761
EarlyStopping counter: 1 out of 3
Updating learning rate to 0.000125
Epoch: 5, Steps: 228 | Train Loss: 0.0366719 Vali Loss1: 1.5919517
Validation loss:1.591952.  Saving model ...
Updating learning rate to 6.25e-05
Epoch: 6, Steps: 228 | Train Loss: 0.0259692 Vali Loss1: 1.5409599
Validation loss:1.540960.  Saving model ...
Updating learning rate to 3.125e-05
Epoch: 7, Steps: 228 | Train Loss: 0.0254926 Vali Loss1: 1.5451994
EarlyStopping counter: 1 out of 3
Updating learning rate to 1.5625e-05
Epoch: 8, Steps: 228 | Train Loss: 0.0240151 Vali Loss1: 1.5190944
Validation loss:1.519094.  Saving model ...
Updating learning rate to 7.8125e-06
======================TEST MODE======================
Threshold : 0.00784060623496771
pred:    (73700,)
gt:      (73700,)
affiliation_precision : 0.606, affiliation_recall : 0.987, affiliation_f : 0.751, AUC-ROC : 0.672
